2025-04-03 18:39:52,014 - RP_Logger - WARNING - FTG column is missing, it will not be assessed.
2025-04-03 18:39:52,015 - RP_Logger - WARNING - Only binary validity will be assessed for SCS metric (no PRSCS_UB/PRSCS_LB found).
2025-04-03 18:39:52,401 - RP_Logger - WARNING - FTG column is missing, it will not be assessed.
2025-04-03 18:39:52,402 - RP_Logger - WARNING - Only binary validity will be assessed for SCS metric (no PRSCS_UB/PRSCS_LB found).
2025-04-03 18:39:52,558 - RP_Logger - DEBUG - Random:0.28
2025-04-03 18:40:56,018 - RP_Logger - WARNING - FTG column is missing, it will not be assessed.
2025-04-03 18:40:56,019 - RP_Logger - WARNING - Only binary validity will be assessed for SCS metric (no PRSCS_UB/PRSCS_LB found).
2025-04-03 18:40:56,424 - RP_Logger - WARNING - FTG column is missing, it will not be assessed.
2025-04-03 18:40:56,424 - RP_Logger - WARNING - Only binary validity will be assessed for SCS metric (no PRSCS_UB/PRSCS_LB found).
2025-04-03 18:40:56,575 - RP_Logger - DEBUG - Random:0.28
2025-04-03 18:40:56,575 - RP_Logger - DEBUG - Best resampling method is: {'method': 'Random', 'success_percentage': 0.28} YUPPY!
2025-04-03 18:42:26,042 - RP_Logger - WARNING - FTG column is missing, it will not be assessed.
2025-04-03 18:42:26,043 - RP_Logger - WARNING - Only binary validity will be assessed for SCS metric (no PRSCS_UB/PRSCS_LB found).
2025-04-03 18:42:26,411 - RP_Logger - WARNING - FTG column is missing, it will not be assessed.
2025-04-03 18:42:26,411 - RP_Logger - WARNING - Only binary validity will be assessed for SCS metric (no PRSCS_UB/PRSCS_LB found).
2025-04-03 18:42:26,532 - RP_Logger - DEBUG - Random:0.28
2025-04-03 18:42:26,532 - RP_Logger - DEBUG - Best resampling method is: {'method': 'Random', 'success_percentage': 0.28} YUPPY!
2025-04-03 18:43:12,534 - RP_Logger - WARNING - FTG column is missing, it will not be assessed.
2025-04-03 18:43:12,534 - RP_Logger - WARNING - Only binary validity will be assessed for SCS metric (no PRSCS_UB/PRSCS_LB found).
2025-04-03 18:43:12,898 - RP_Logger - WARNING - FTG column is missing, it will not be assessed.
2025-04-03 18:43:12,899 - RP_Logger - WARNING - Only binary validity will be assessed for SCS metric (no PRSCS_UB/PRSCS_LB found).
2025-04-03 18:43:13,016 - RP_Logger - DEBUG - Random:0.28
2025-04-03 18:43:13,016 - RP_Logger - DEBUG - Best resampling method is: {'method': 'Random', 'success_percentage': 0.28} YUPPY!
2025-04-03 18:43:42,258 - RP_Logger - WARNING - FTG column is missing, it will not be assessed.
2025-04-03 18:43:42,259 - RP_Logger - WARNING - Only binary validity will be assessed for SCS metric (no PRSCS_UB/PRSCS_LB found).
2025-04-03 18:43:42,616 - RP_Logger - WARNING - FTG column is missing, it will not be assessed.
2025-04-03 18:43:42,616 - RP_Logger - WARNING - Only binary validity will be assessed for SCS metric (no PRSCS_UB/PRSCS_LB found).
2025-04-03 18:43:42,742 - RP_Logger - DEBUG - Random: 0.28
2025-04-03 18:43:42,742 - RP_Logger - DEBUG - Best resampling method is: Random YUPPY!
